<?xml version="1.0" encoding="UTF-8"?>
<TestRun id="5ba89e7a-4aa5-47c8-a7a0-fad335f45d73" name="student@KOMP070 2015-05-04 12:34:15" runUser="NMKZLLAB\student" xmlns="http://microsoft.com/schemas/VisualStudio/TeamTest/2010">
  <TestSettings name="Local" id="31046817-227f-4161-9a97-5d34efa999fb">
    <Description>These are default test settings for a local test run.</Description>
    <Deployment enabled="false" runDeploymentRoot="student_KOMP070 2015-05-04 12_34_15">
      <DeploymentItem filename="D:\Krzysiek\Blog\Blog.DAL\bin\Debug\Blog.DAL.dll" />
      <DeploymentItem filename="D:\Krzysiek\Blog\packages\EntityFramework.5.0.0\lib\net40\EntityFramework.dll" />
      <DeploymentItem filename="D:\Krzysiek\Blog\packages\DbTestHelpers\YamlDotNet.Core.dll" />
      <DeploymentItem filename="D:\Krzysiek\Blog\packages\DbTestHelpers\TDD.DbTestHelpers.dll" />
      <DeploymentItem filename="D:\Krzysiek\Blog\packages\DbTestHelpers\YamlDotNet.RepresentationModel.dll" />
    </Deployment>
    <Execution>
      <TestTypeSpecific />
      <AgentRule name="Execution Agents">
      </AgentRule>
    </Execution>
  </TestSettings>
  <Times creation="2015-05-04T12:34:15.3300984+02:00" queuing="2015-05-04T12:34:15.3760984+02:00" start="2015-05-04T12:34:15.3790984+02:00" finish="2015-05-04T12:34:16.1960984+02:00" />
  <ResultSummary outcome="Warning">
    <Counters total="1" executed="1" passed="1" error="0" failed="0" timeout="0" aborted="0" inconclusive="0" passedButRunAborted="0" notRunnable="0" notExecuted="0" disconnected="0" warning="0" completed="0" inProgress="0" pending="0" />
    <RunInfos>
      <RunInfo computerName="KOMP070" outcome="Warning" timestamp="2015-05-04T12:34:15.3760984+02:00">
        <Text>Deployment is currently disabled. The deployment item 'D:\Krzysiek\Blog\Blog.DAL.Tests\Fixtures\posts.yml' on test 'Blog.DAL.Tests.RepositoryTests.GetAllPost_OnePostInDb_ReturnOnePost' was not deployed.</Text>
      </RunInfo>
    </RunInfos>
  </ResultSummary>
  <TestDefinitions>
    <UnitTest name="GetAllPost_OnePostInDb_ReturnOnePost" storage="d:\krzysiek\blog\blog.dal.tests\bin\debug\blog.dal.tests.dll" id="8eb3fc89-a933-3141-9fc4-10d31ead6588">
      <DeploymentItems>
        <DeploymentItem filename="D:\Krzysiek\Blog\Blog.DAL.Tests\Fixtures\posts.yml" />
      </DeploymentItems>
      <Execution id="8bf5d45b-8f1c-4f83-b0b7-2b7ec1db2e37" />
      <TestMethod codeBase="D:/Krzysiek/Blog/Blog.DAL.Tests/bin/Debug/Blog.DAL.Tests.DLL" adapterTypeName="Microsoft.VisualStudio.TestTools.TestTypes.Unit.UnitTestAdapter, Microsoft.VisualStudio.QualityTools.Tips.UnitTest.Adapter, Version=10.0.0.0, Culture=neutral, PublicKeyToken=b03f5f7f11d50a3a" className="Blog.DAL.Tests.RepositoryTests, Blog.DAL.Tests, Version=1.0.0.0, Culture=neutral, PublicKeyToken=null" name="GetAllPost_OnePostInDb_ReturnOnePost" />
    </UnitTest>
  </TestDefinitions>
  <TestLists>
    <TestList name="Results Not in a List" id="8c84fa94-04c1-424b-9868-57a2d4851a1d" />
    <TestList name="All Loaded Results" id="19431567-8539-422a-85d7-44ee4e166bda" />
  </TestLists>
  <TestEntries>
    <TestEntry testId="8eb3fc89-a933-3141-9fc4-10d31ead6588" executionId="8bf5d45b-8f1c-4f83-b0b7-2b7ec1db2e37" testListId="8c84fa94-04c1-424b-9868-57a2d4851a1d" />
  </TestEntries>
  <Results>
    <UnitTestResult executionId="8bf5d45b-8f1c-4f83-b0b7-2b7ec1db2e37" testId="8eb3fc89-a933-3141-9fc4-10d31ead6588" testName="GetAllPost_OnePostInDb_ReturnOnePost" computerName="KOMP070" duration="00:00:00.6499385" startTime="2015-05-04T12:34:15.3810984+02:00" endTime="2015-05-04T12:34:16.1470984+02:00" testType="13cdc9d9-ddb5-4fa4-a97d-d965ccfc6d4b" outcome="Passed" testListId="8c84fa94-04c1-424b-9868-57a2d4851a1d" relativeResultsDirectory="8bf5d45b-8f1c-4f83-b0b7-2b7ec1db2e37">
      <Output>
        <DebugTrace>Constr
SetUp
Applying fixtures
D:\Krzysiek\Blog\Blog.DAL.Tests\bin\Debug\Fixtures\posts.yml
FixtureSetUp
</DebugTrace>
      </Output>
    </UnitTestResult>
  </Results>
</TestRun>